main.c:101:5:main	16	static
main.c:164:6:SystemClock_Config	232	static
main.c:220:13:MX_CRC_Init	8	static
main.c:251:13:MX_USART2_UART_Init	8	static
main.c:286:13:MX_USART3_UART_Init	8	static
main.c:321:13:MX_GPIO_Init	48	static
main.c:356:7:printmsg	96	static
main.c:370:7:bootloader_uart_readData	16	static
main.c:431:6:bootloader_jump_UserApp	24	static
main.c:464:6:bootloader_send_nack	16	static
main.c:471:6:bootloader_send_ack	24	static
main.c:483:6:bootloader_handle_getver_cmd	32	static
main.c:516:6:bootloader_handle_gethelp_cmd	16	static
main.c:522:6:bootloader_handle_getcid_cmd	16	static
main.c:526:6:bootloader_handle_getrdp_cmd	16	static
main.c:530:6:bootloader_handle_go_cmd	16	static
main.c:534:6:bootloader_handle_flash_erase_cmd	16	static
main.c:538:6:bootloader_handle_flash_write_cmd	16	static
main.c:543:6:bootloader_handle_flash_read	16	static
main.c:548:6:bootloader_handle_en_rw_protect	16	static
main.c:552:6:bootloader_handle_read_sector_status	16	static
main.c:557:6:bootloader_handle_read_otp	16	static
main.c:562:6:bootloader_handle_dis_rw_protect	16	static
main.c:567:9:bootloader_verify_crc	40	static
main.c:586:9:get_bootloader_version	4	static
main.c:593:6:bootloader_uart_write_data	16	static
main.c:606:6:Error_Handler	4	static
