Archive member included to satisfy reference by file (symbol)

c:/program files (x86)/atollic/truestudio for stm32 9.3.0/armtools/bin/../lib/gcc/arm-atollic-eabi/6.3.1/../../../../arm-atollic-eabi/lib/armv7e-m/fpu\libc_nano.a(lib_a-errno.o)
                              Core\Src\syscalls.o (__errno)
c:/program files (x86)/atollic/truestudio for stm32 9.3.0/armtools/bin/../lib/gcc/arm-atollic-eabi/6.3.1/../../../../arm-atollic-eabi/lib/armv7e-m/fpu\libc_nano.a(lib_a-impure.o)
                              c:/program files (x86)/atollic/truestudio for stm32 9.3.0/armtools/bin/../lib/gcc/arm-atollic-eabi/6.3.1/../../../../arm-atollic-eabi/lib/armv7e-m/fpu\libc_nano.a(lib_a-errno.o) (_impure_ptr)
c:/program files (x86)/atollic/truestudio for stm32 9.3.0/armtools/bin/../lib/gcc/arm-atollic-eabi/6.3.1/../../../../arm-atollic-eabi/lib/armv7e-m/fpu\libc_nano.a(lib_a-init.o)
                              startup\startup_stm32l476xx.o (__libc_init_array)
c:/program files (x86)/atollic/truestudio for stm32 9.3.0/armtools/bin/../lib/gcc/arm-atollic-eabi/6.3.1/../../../../arm-atollic-eabi/lib/armv7e-m/fpu\libc_nano.a(lib_a-memset.o)
                              Core\Src\main.o (memset)
c:/program files (x86)/atollic/truestudio for stm32 9.3.0/armtools/bin/../lib/gcc/arm-atollic-eabi/6.3.1/../../../../arm-atollic-eabi/lib/armv7e-m/fpu\libc_nano.a(lib_a-strlen.o)
                              Core\Src\main.o (strlen)
c:/program files (x86)/atollic/truestudio for stm32 9.3.0/armtools/bin/../lib/gcc/arm-atollic-eabi/6.3.1/../../../../arm-atollic-eabi/lib/armv7e-m/fpu\libc_nano.a(lib_a-vsprintf.o)
                              Core\Src\main.o (vsprintf)
c:/program files (x86)/atollic/truestudio for stm32 9.3.0/armtools/bin/../lib/gcc/arm-atollic-eabi/6.3.1/../../../../arm-atollic-eabi/lib/armv7e-m/fpu\libc_nano.a(lib_a-nano-svfprintf.o)
                              c:/program files (x86)/atollic/truestudio for stm32 9.3.0/armtools/bin/../lib/gcc/arm-atollic-eabi/6.3.1/../../../../arm-atollic-eabi/lib/armv7e-m/fpu\libc_nano.a(lib_a-vsprintf.o) (_svfprintf_r)
c:/program files (x86)/atollic/truestudio for stm32 9.3.0/armtools/bin/../lib/gcc/arm-atollic-eabi/6.3.1/../../../../arm-atollic-eabi/lib/armv7e-m/fpu\libc_nano.a(lib_a-nano-vfprintf_i.o)
                              c:/program files (x86)/atollic/truestudio for stm32 9.3.0/armtools/bin/../lib/gcc/arm-atollic-eabi/6.3.1/../../../../arm-atollic-eabi/lib/armv7e-m/fpu\libc_nano.a(lib_a-nano-svfprintf.o) (_printf_i)
c:/program files (x86)/atollic/truestudio for stm32 9.3.0/armtools/bin/../lib/gcc/arm-atollic-eabi/6.3.1/../../../../arm-atollic-eabi/lib/armv7e-m/fpu\libc_nano.a(lib_a-memchr.o)
                              c:/program files (x86)/atollic/truestudio for stm32 9.3.0/armtools/bin/../lib/gcc/arm-atollic-eabi/6.3.1/../../../../arm-atollic-eabi/lib/armv7e-m/fpu\libc_nano.a(lib_a-nano-svfprintf.o) (memchr)
c:/program files (x86)/atollic/truestudio for stm32 9.3.0/armtools/bin/../lib/gcc/arm-atollic-eabi/6.3.1/../../../../arm-atollic-eabi/lib/armv7e-m/fpu\libc_nano.a(lib_a-memcpy-stub.o)
                              c:/program files (x86)/atollic/truestudio for stm32 9.3.0/armtools/bin/../lib/gcc/arm-atollic-eabi/6.3.1/../../../../arm-atollic-eabi/lib/armv7e-m/fpu\libc_nano.a(lib_a-nano-svfprintf.o) (memcpy)
c:/program files (x86)/atollic/truestudio for stm32 9.3.0/armtools/bin/../lib/gcc/arm-atollic-eabi/6.3.1/../../../../arm-atollic-eabi/lib/armv7e-m/fpu\libc_nano.a(lib_a-memmove.o)
                              c:/program files (x86)/atollic/truestudio for stm32 9.3.0/armtools/bin/../lib/gcc/arm-atollic-eabi/6.3.1/../../../../arm-atollic-eabi/lib/armv7e-m/fpu\libc_nano.a(lib_a-nano-svfprintf.o) (memmove)
c:/program files (x86)/atollic/truestudio for stm32 9.3.0/armtools/bin/../lib/gcc/arm-atollic-eabi/6.3.1/../../../../arm-atollic-eabi/lib/armv7e-m/fpu\libc_nano.a(lib_a-nano-freer.o)
                              c:/program files (x86)/atollic/truestudio for stm32 9.3.0/armtools/bin/../lib/gcc/arm-atollic-eabi/6.3.1/../../../../arm-atollic-eabi/lib/armv7e-m/fpu\libc_nano.a(lib_a-nano-svfprintf.o) (_free_r)
c:/program files (x86)/atollic/truestudio for stm32 9.3.0/armtools/bin/../lib/gcc/arm-atollic-eabi/6.3.1/../../../../arm-atollic-eabi/lib/armv7e-m/fpu\libc_nano.a(lib_a-nano-mallocr.o)
                              c:/program files (x86)/atollic/truestudio for stm32 9.3.0/armtools/bin/../lib/gcc/arm-atollic-eabi/6.3.1/../../../../arm-atollic-eabi/lib/armv7e-m/fpu\libc_nano.a(lib_a-nano-svfprintf.o) (_malloc_r)
c:/program files (x86)/atollic/truestudio for stm32 9.3.0/armtools/bin/../lib/gcc/arm-atollic-eabi/6.3.1/../../../../arm-atollic-eabi/lib/armv7e-m/fpu\libc_nano.a(lib_a-nano-reallocr.o)
                              c:/program files (x86)/atollic/truestudio for stm32 9.3.0/armtools/bin/../lib/gcc/arm-atollic-eabi/6.3.1/../../../../arm-atollic-eabi/lib/armv7e-m/fpu\libc_nano.a(lib_a-nano-svfprintf.o) (_realloc_r)
[...]
Memory Configuration

Name             Origin             Length             Attributes
RAM              0x20000000         0x00018000         xrw
RAM2             0x10000000         0x00008000         xrw
FLASH            0x08000000         0x00100000         xr
*default*        0x00000000         0xffffffff

Linker script and memory map

LOAD c:/program files (x86)/atollic/truestudio for stm32 9.3.0/armtools/bin/../lib/gcc/arm-atollic-eabi/6.3.1/armv7e-m/fpu/crti.o
LOAD c:/program files (x86)/atollic/truestudio for stm32 9.3.0/armtools/bin/../lib/gcc/arm-atollic-eabi/6.3.1/armv7e-m/fpu/crtbegin.o
LOAD Core\Src\main.o
LOAD Core\Src\stm32l4xx_hal_msp.o
LOAD Core\Src\stm32l4xx_it.o
LOAD Core\Src\syscalls.o
LOAD Core\Src\system_stm32l4xx.o
LOAD Drivers\STM32L4xx_HAL_Driver\Src\stm32l4xx_hal.o
LOAD Drivers\STM32L4xx_HAL_Driver\Src\stm32l4xx_hal_cortex.o
LOAD Drivers\STM32L4xx_HAL_Driver\Src\stm32l4xx_hal_crc.o
LOAD Drivers\STM32L4xx_HAL_Driver\Src\stm32l4xx_hal_crc_ex.o
LOAD Drivers\STM32L4xx_HAL_Driver\Src\stm32l4xx_hal_dma.o
LOAD Drivers\STM32L4xx_HAL_Driver\Src\stm32l4xx_hal_dma_ex.o
LOAD Drivers\STM32L4xx_HAL_Driver\Src\stm32l4xx_hal_exti.o
LOAD Drivers\STM32L4xx_HAL_Driver\Src\stm32l4xx_hal_flash.o
LOAD Drivers\STM32L4xx_HAL_Driver\Src\stm32l4xx_hal_flash_ex.o
LOAD Drivers\STM32L4xx_HAL_Driver\Src\stm32l4xx_hal_flash_ramfunc.o
LOAD Drivers\STM32L4xx_HAL_Driver\Src\stm32l4xx_hal_gpio.o
LOAD Drivers\STM32L4xx_HAL_Driver\Src\stm32l4xx_hal_i2c.o
LOAD Drivers\STM32L4xx_HAL_Driver\Src\stm32l4xx_hal_i2c_ex.o
LOAD Drivers\STM32L4xx_HAL_Driver\Src\stm32l4xx_hal_pwr.o
LOAD Drivers\STM32L4xx_HAL_Driver\Src\stm32l4xx_hal_pwr_ex.o
LOAD Drivers\STM32L4xx_HAL_Driver\Src\stm32l4xx_hal_rcc.o
LOAD Drivers\STM32L4xx_HAL_Driver\Src\stm32l4xx_hal_rcc_ex.o
LOAD Drivers\STM32L4xx_HAL_Driver\Src\stm32l4xx_hal_tim.o
LOAD Drivers\STM32L4xx_HAL_Driver\Src\stm32l4xx_hal_tim_ex.o
LOAD Drivers\STM32L4xx_HAL_Driver\Src\stm32l4xx_hal_uart.o
LOAD Drivers\STM32L4xx_HAL_Driver\Src\stm32l4xx_hal_uart_ex.o
LOAD startup\startup_stm32l476xx.o
                0x00000080                malloc_getpagesize_P = 0x80
START GROUP
LOAD c:/program files (x86)/atollic/truestudio for stm32 9.3.0/armtools/bin/../lib/gcc/arm-atollic-eabi/6.3.1/../../../../arm-atollic-eabi/lib/armv7e-m/fpu\libc_nano.a
LOAD c:/program files (x86)/atollic/truestudio for stm32 9.3.0/armtools/bin/../lib/gcc/arm-atollic-eabi/6.3.1/../../../../arm-atollic-eabi/lib/armv7e-m/fpu\libm.a
END GROUP
START GROUP
LOAD c:/program files (x86)/atollic/truestudio for stm32 9.3.0/armtools/bin/../lib/gcc/arm-atollic-eabi/6.3.1/armv7e-m/fpu\libgcc.a
LOAD c:/program files (x86)/atollic/truestudio for stm32 9.3.0/armtools/bin/../lib/gcc/arm-atollic-eabi/6.3.1/../../../../arm-atollic-eabi/lib/armv7e-m/fpu\libc_nano.a
END GROUP
START GROUP
LOAD c:/program files (x86)/atollic/truestudio for stm32 9.3.0/armtools/bin/../lib/gcc/arm-atollic-eabi/6.3.1/armv7e-m/fpu\libgcc.a
LOAD c:/program files (x86)/atollic/truestudio for stm32 9.3.0/armtools/bin/../lib/gcc/arm-atollic-eabi/6.3.1/../../../../arm-atollic-eabi/lib/armv7e-m/fpu\libc_nano.a
LOAD c:/program files (x86)/atollic/truestudio for stm32 9.3.0/armtools/bin/../lib/gcc/arm-atollic-eabi/6.3.1/../../../../arm-atollic-eabi/lib/armv7e-m/fpu\libnosys.a
END GROUP
START GROUP
LOAD c:/program files (x86)/atollic/truestudio for stm32 9.3.0/armtools/bin/../lib/gcc/arm-atollic-eabi/6.3.1/armv7e-m/fpu\libgcc.a
LOAD c:/program files (x86)/atollic/truestudio for stm32 9.3.0/armtools/bin/../lib/gcc/arm-atollic-eabi/6.3.1/../../../../arm-atollic-eabi/lib/armv7e-m/fpu\libc_nano.a
LOAD c:/program files (x86)/atollic/truestudio for stm32 9.3.0/armtools/bin/../lib/gcc/arm-atollic-eabi/6.3.1/../../../../arm-atollic-eabi/lib/armv7e-m/fpu\libnosys.a
END GROUP
LOAD c:/program files (x86)/atollic/truestudio for stm32 9.3.0/armtools/bin/../lib/gcc/arm-atollic-eabi/6.3.1/armv7e-m/fpu/crtend.o
LOAD c:/program files (x86)/atollic/truestudio for stm32 9.3.0/armtools/bin/../lib/gcc/arm-atollic-eabi/6.3.1/armv7e-m/fpu/crtn.o
                0x20018000                _estack = 0x20018000
                0x00000200                _Min_Heap_Size = 0x200
                0x00000400                _Min_Stack_Size = 0x400

.isr_vector     0x08000000      0x188
                0x08000000                . = ALIGN (0x4)
 *(.isr_vector)
 .isr_vector    0x08000000      0x188 startup\startup_stm32l476xx.o
                0x08000000                g_pfnVectors
                0x08000188                . = ALIGN (0x4)

.text           0x08000190     0x4744
                0x08000190                . = ALIGN (0x4)
 *(.text)
 .text          0x08000190       0x40 c:/program files (x86)/atollic/truestudio for stm32 9.3.0/armtools/bin/../lib/gcc/arm-atollic-eabi/6.3.1/armv7e-m/fpu/crtbegin.o
 .text          0x080001d0       0x10 c:/program files (x86)/atollic/truestudio for stm32 9.3.0/armtools/bin/../lib/gcc/arm-atollic-eabi/6.3.1/../../../../arm-atollic-eabi/lib/armv7e-m/fpu\libc_nano.a(lib_a-strlen.o)
                0x080001d0                strlen
 .text          0x080001e0       0xa0 c:/program files (x86)/atollic/truestudio for stm32 9.3.0/armtools/bin/../lib/gcc/arm-atollic-eabi/6.3.1/../../../../arm-atollic-eabi/lib/armv7e-m/fpu\libc_nano.a(lib_a-memchr.o)
                0x080001e0                memchr
 .text          0x08000280       0x30 c:/program files (x86)/atollic/truestudio for stm32 9.3.0/armtools/bin/../lib/gcc/arm-atollic-eabi/6.3.1/armv7e-m/fpu\libgcc.a(_aeabi_uldivmod.o)
                0x08000280                __aeabi_uldivmod
 .text          0x080002b0      0x2dc c:/program files (x86)/atollic/truestudio for stm32 9.3.0/armtools/bin/../lib/gcc/arm-atollic-eabi/6.3.1/armv7e-m/fpu\libgcc.a(_udivmoddi4.o)
                0x080002b0                __udivmoddi4
 .text          0x0800058c        0x4 c:/program files (x86)/atollic/truestudio for stm32 9.3.0/armtools/bin/../lib/gcc/arm-atollic-eabi/6.3.1/armv7e-m/fpu\libgcc.a(_dvmd_tls.o)
                0x0800058c                __aeabi_idiv0
                0x0800058c                __aeabi_ldiv0
 *(.text*)
 .text.main     0x08000590       0x68 Core\Src\main.o
                0x08000590                main
 .text.SystemClock_Config
                0x080005f8       0xee Core\Src\main.o
                0x080005f8                SystemClock_Config
 *fill*         0x080006e6        0x2 
 .text.MX_CRC_Init
                0x080006e8       0x44 Core\Src\main.o
 .text.MX_USART2_UART_Init
                0x0800072c       0x60 Core\Src\main.o
 .text.MX_USART3_UART_Init
                0x0800078c       0x60 Core\Src\main.o
 .text.MX_GPIO_Init
                0x080007ec       0xe0 Core\Src\main.o
 .text.printmsg
                0x080008cc       0x4c Core\Src\main.o
                0x080008cc                printmsg
 .text.bootloader_uart_readData
                0x08000918       0xf0 Core\Src\main.o
                0x08000918                bootloader_uart_readData
 .text.bootloader_jump_UserApp
                0x08000a08       0x58 Core\Src\main.o
                0x08000a08                bootloader_jump_UserApp
 .text.bootloader_send_nack
                0x08000a60       0x24 Core\Src\main.o
                0x08000a60                bootloader_send_nack
 .text.bootloader_send_ack
                0x08000a84       0x34 Core\Src\main.o
                0x08000a84                bootloader_send_ack
 .text.bootloader_handle_getver_cmd
                0x08000ab8       0x90 Core\Src\main.o
                0x08000ab8                bootloader_handle_getver_cmd
 .text.bootloader_handle_gethelp_cmd
                0x08000b48       0x14 Core\Src\main.o
                0x08000b48                bootloader_handle_gethelp_cmd
 .text.bootloader_handle_getcid_cmd
                0x08000b5c       0x14 Core\Src\main.o
                0x08000b5c                bootloader_handle_getcid_cmd
 .text.bootloader_handle_getrdp_cmd
                0x08000b70       0x14 Core\Src\main.o
                0x08000b70                bootloader_handle_getrdp_cmd
 .text.bootloader_handle_go_cmd
                0x08000b84       0x14 Core\Src\main.o
                0x08000b84                bootloader_handle_go_cmd
 .text.bootloader_handle_flash_erase_cmd
                0x08000b98       0x14 Core\Src\main.o
                0x08000b98                bootloader_handle_flash_erase_cmd
 .text.bootloader_handle_flash_write_cmd
                0x08000bac       0x14 Core\Src\main.o
                0x08000bac                bootloader_handle_flash_write_cmd
 .text.bootloader_handle_flash_read
                0x08000bc0       0x14 Core\Src\main.o
                0x08000bc0                bootloader_handle_flash_read
 .text.bootloader_handle_en_rw_protect
                0x08000bd4       0x14 Core\Src\main.o
                0x08000bd4                bootloader_handle_en_rw_protect
 .text.bootloader_handle_read_sector_status
                0x08000be8       0x14 Core\Src\main.o
                0x08000be8                bootloader_handle_read_sector_status
 .text.bootloader_handle_read_otp
                0x08000bfc       0x14 Core\Src\main.o
                0x08000bfc                bootloader_handle_read_otp
 .text.bootloader_handle_dis_rw_protect
                0x08000c10       0x14 Core\Src\main.o
                0x08000c10                bootloader_handle_dis_rw_protect
 .text.bootloader_verify_crc
                0x08000c24       0x58 Core\Src\main.o
                0x08000c24                bootloader_verify_crc
 .text.get_bootloader_version
                0x08000c7c       0x10 Core\Src\main.o
                0x08000c7c                get_bootloader_version
 .text.bootloader_uart_write_data
                0x08000c8c       0x28 Core\Src\main.o
                0x08000c8c                bootloader_uart_write_data
 .text.Error_Handler
                0x08000cb4        0x8 Core\Src\main.o
                0x08000cb4                Error_Handler
 .text.HAL_MspInit
                0x08000cbc       0x48 Core\Src\stm32l4xx_hal_msp.o
                0x08000cbc                HAL_MspInit
 .text.HAL_CRC_MspInit
                0x08000d04       0x40 Core\Src\stm32l4xx_hal_msp.o
                0x08000d04                HAL_CRC_MspInit
 .text.HAL_UART_MspInit
                0x08000d44      0x10c Core\Src\stm32l4xx_hal_msp.o
                0x08000d44                HAL_UART_MspInit
 .text.NMI_Handler
                0x08000e50        0x6 Core\Src\stm32l4xx_it.o
                0x08000e50                NMI_Handler
 .text.HardFault_Handler
                0x08000e56        0x6 Core\Src\stm32l4xx_it.o
                0x08000e56                HardFault_Handler
 .text.MemManage_Handler
                0x08000e5c        0x6 Core\Src\stm32l4xx_it.o
                0x08000e5c                MemManage_Handler
 .text.BusFault_Handler
                0x08000e62        0x6 Core\Src\stm32l4xx_it.o
                0x08000e62                BusFault_Handler
 .text.UsageFault_Handler
                0x08000e68        0x6 Core\Src\stm32l4xx_it.o
                0x08000e68                UsageFault_Handler
 .text.SVC_Handler
                0x08000e6e        0xe Core\Src\stm32l4xx_it.o
                0x08000e6e                SVC_Handler
 .text.DebugMon_Handler
                0x08000e7c        0xe Core\Src\stm32l4xx_it.o
                0x08000e7c                DebugMon_Handler
 .text.PendSV_Handler
                0x08000e8a        0xe Core\Src\stm32l4xx_it.o
                0x08000e8a                PendSV_Handler
 .text.SysTick_Handler
                0x08000e98        0xc Core\Src\stm32l4xx_it.o
                0x08000e98                SysTick_Handler
 .text.USART2_IRQHandler
                0x08000ea4       0x14 Core\Src\stm32l4xx_it.o
                0x08000ea4                USART2_IRQHandler
 .text.USART3_IRQHandler
                0x08000eb8       0x14 Core\Src\stm32l4xx_it.o
                0x08000eb8                USART3_IRQHandler
 .text.EXTI15_10_IRQHandler
                0x08000ecc       0x1c Core\Src\stm32l4xx_it.o
                0x08000ecc                EXTI15_10_IRQHandler
 .text._sbrk    0x08000ee8       0x58 Core\Src\syscalls.o
                0x08000ee8                _sbrk
 .text.SystemInit
                0x08000f40       0x6c Core\Src\system_stm32l4xx.o
                0x08000f40                SystemInit
 .text.HAL_Init
                0x08000fac       0x40 Drivers\STM32L4xx_HAL_Driver\Src\stm32l4xx_hal.o
                0x08000fac                HAL_Init
 .text.HAL_InitTick
                0x08000fec       0x78 Drivers\STM32L4xx_HAL_Driver\Src\stm32l4xx_hal.o
                0x08000fec                HAL_InitTick
 .text.HAL_IncTick
                0x08001064       0x28 Drivers\STM32L4xx_HAL_Driver\Src\stm32l4xx_hal.o
                0x08001064                HAL_IncTick
 .text.HAL_GetTick
                0x0800108c       0x18 Drivers\STM32L4xx_HAL_Driver\Src\stm32l4xx_hal.o
                0x0800108c                HAL_GetTick
 .text.HAL_Delay
                0x080010a4       0x44 Drivers\STM32L4xx_HAL_Driver\Src\stm32l4xx_hal.o
                0x080010a4                HAL_Delay
 .text.__NVIC_SetPriorityGrouping
                0x080010e8       0x48 Drivers\STM32L4xx_HAL_Driver\Src\stm32l4xx_hal_cortex.o
 .text.__NVIC_GetPriorityGrouping
                0x08001130       0x1c Drivers\STM32L4xx_HAL_Driver\Src\stm32l4xx_hal_cortex.o
 .text.__NVIC_EnableIRQ
                0x0800114c       0x3c Drivers\STM32L4xx_HAL_Driver\Src\stm32l4xx_hal_cortex.o
 .text.__NVIC_SetPriority
                0x08001188       0x54 Drivers\STM32L4xx_HAL_Driver\Src\stm32l4xx_hal_cortex.o
 .text.NVIC_EncodePriority
                0x080011dc       0x62 Drivers\STM32L4xx_HAL_Driver\Src\stm32l4xx_hal_cortex.o
 *fill*         0x0800123e        0x2 
 .text.SysTick_Config
                0x08001240       0x44 Drivers\STM32L4xx_HAL_Driver\Src\stm32l4xx_hal_cortex.o
 .text.HAL_NVIC_SetPriorityGrouping
                0x08001284       0x16 Drivers\STM32L4xx_HAL_Driver\Src\stm32l4xx_hal_cortex.o
                0x08001284                HAL_NVIC_SetPriorityGrouping
 .text.HAL_NVIC_SetPriority
                0x0800129a       0x38 Drivers\STM32L4xx_HAL_Driver\Src\stm32l4xx_hal_cortex.o
                0x0800129a                HAL_NVIC_SetPriority
 .text.HAL_NVIC_EnableIRQ
                0x080012d2       0x1c Drivers\STM32L4xx_HAL_Driver\Src\stm32l4xx_hal_cortex.o
                0x080012d2                HAL_NVIC_EnableIRQ
 .text.HAL_SYSTICK_Config
                0x080012ee       0x18 Drivers\STM32L4xx_HAL_Driver\Src\stm32l4xx_hal_cortex.o
                0x080012ee                HAL_SYSTICK_Config
 *fill*         0x08001306        0x2 
 .text.HAL_CRC_Init
                0x08001308       0xc8 Drivers\STM32L4xx_HAL_Driver\Src\stm32l4xx_hal_crc.o
                0x08001308                HAL_CRC_Init
 .text.HAL_CRC_Accumulate
                0x080013d0       0x82 Drivers\STM32L4xx_HAL_Driver\Src\stm32l4xx_hal_crc.o
                0x080013d0                HAL_CRC_Accumulate
 .text.CRC_Handle_8
                0x08001452      0x11e Drivers\STM32L4xx_HAL_Driver\Src\stm32l4xx_hal_crc.o
 .text.CRC_Handle_16
                0x08001570       0x72 Drivers\STM32L4xx_HAL_Driver\Src\stm32l4xx_hal_crc.o
 *fill*         0x080015e2        0x2 
 .text.HAL_CRCEx_Polynomial_Set
                0x080015e4      0x10c Drivers\STM32L4xx_HAL_Driver\Src\stm32l4xx_hal_crc_ex.o
                0x080015e4                HAL_CRCEx_Polynomial_Set
 .text.HAL_DMA_Abort_IT
                0x080016f0       0x82 Drivers\STM32L4xx_HAL_Driver\Src\stm32l4xx_hal_dma.o
                0x080016f0                HAL_DMA_Abort_IT
 *fill*         0x08001772        0x2 
 .text.HAL_GPIO_Init
                0x08001774      0x350 Drivers\STM32L4xx_HAL_Driver\Src\stm32l4xx_hal_gpio.o
                0x08001774                HAL_GPIO_Init
 .text.HAL_GPIO_WritePin
                0x08001ac4       0x30 Drivers\STM32L4xx_HAL_Driver\Src\stm32l4xx_hal_gpio.o
                0x08001ac4                HAL_GPIO_WritePin
 .text.HAL_GPIO_EXTI_IRQHandler
                0x08001af4       0x30 Drivers\STM32L4xx_HAL_Driver\Src\stm32l4xx_hal_gpio.o
                0x08001af4                HAL_GPIO_EXTI_IRQHandler
 .text.HAL_GPIO_EXTI_Callback
                0x08001b24       0x16 Drivers\STM32L4xx_HAL_Driver\Src\stm32l4xx_hal_gpio.o
                0x08001b24                HAL_GPIO_EXTI_Callback
 *fill*         0x08001b3a        0x2 
 .text.HAL_PWREx_GetVoltageRange
                0x08001b3c       0x1c Drivers\STM32L4xx_HAL_Driver\Src\stm32l4xx_hal_pwr_ex.o
                0x08001b3c                HAL_PWREx_GetVoltageRange
 .text.HAL_PWREx_ControlVoltageScaling
                0x08001b58       0xac Drivers\STM32L4xx_HAL_Driver\Src\stm32l4xx_hal_pwr_ex.o
                0x08001b58                HAL_PWREx_ControlVoltageScaling
 .text.HAL_RCC_OscConfig
                0x08001c04      0x7cc Drivers\STM32L4xx_HAL_Driver\Src\stm32l4xx_hal_rcc.o
                0x08001c04                HAL_RCC_OscConfig
 .text.HAL_RCC_ClockConfig
                0x080023d0      0x1c4 Drivers\STM32L4xx_HAL_Driver\Src\stm32l4xx_hal_rcc.o
                0x080023d0                HAL_RCC_ClockConfig
 .text.HAL_RCC_GetSysClockFreq
                0x08002594      0x114 Drivers\STM32L4xx_HAL_Driver\Src\stm32l4xx_hal_rcc.o
                0x08002594                HAL_RCC_GetSysClockFreq
 .text.HAL_RCC_GetHCLKFreq
                0x080026a8       0x18 Drivers\STM32L4xx_HAL_Driver\Src\stm32l4xx_hal_rcc.o
                0x080026a8                HAL_RCC_GetHCLKFreq
 .text.HAL_RCC_GetPCLK1Freq
                0x080026c0       0x2c Drivers\STM32L4xx_HAL_Driver\Src\stm32l4xx_hal_rcc.o
                0x080026c0                HAL_RCC_GetPCLK1Freq
 .text.HAL_RCC_GetPCLK2Freq
                0x080026ec       0x2c Drivers\STM32L4xx_HAL_Driver\Src\stm32l4xx_hal_rcc.o
                0x080026ec                HAL_RCC_GetPCLK2Freq
 .text.RCC_SetFlashLatencyFromMSIRange
                0x08002718       0xc0 Drivers\STM32L4xx_HAL_Driver\Src\stm32l4xx_hal_rcc.o
 .text.HAL_RCCEx_PeriphCLKConfig
                0x080027d8      0x5cc Drivers\STM32L4xx_HAL_Driver\Src\stm32l4xx_hal_rcc_ex.o
                0x080027d8                HAL_RCCEx_PeriphCLKConfig
 .text.RCCEx_PLLSAI1_Config
                0x08002da4      0x1e0 Drivers\STM32L4xx_HAL_Driver\Src\stm32l4xx_hal_rcc_ex.o
 .text.RCCEx_PLLSAI2_Config
                0x08002f84      0x1b4 Drivers\STM32L4xx_HAL_Driver\Src\stm32l4xx_hal_rcc_ex.o
 .text.HAL_UART_Init
                0x08003138       0x9c Drivers\STM32L4xx_HAL_Driver\Src\stm32l4xx_hal_uart.o
                0x08003138                HAL_UART_Init
 .text.HAL_UART_Transmit
                0x080031d4      0x126 Drivers\STM32L4xx_HAL_Driver\Src\stm32l4xx_hal_uart.o
                0x080031d4                HAL_UART_Transmit
 .text.HAL_UART_Receive
                0x080032fa      0x19a Drivers\STM32L4xx_HAL_Driver\Src\stm32l4xx_hal_uart.o
                0x080032fa                HAL_UART_Receive
 .text.HAL_UART_IRQHandler
                0x08003494      0x290 Drivers\STM32L4xx_HAL_Driver\Src\stm32l4xx_hal_uart.o
                0x08003494                HAL_UART_IRQHandler
 .text.HAL_UART_TxCpltCallback
                0x08003724       0x14 Drivers\STM32L4xx_HAL_Driver\Src\stm32l4xx_hal_uart.o
                0x08003724                HAL_UART_TxCpltCallback
 .text.HAL_UART_ErrorCallback
                0x08003738       0x14 Drivers\STM32L4xx_HAL_Driver\Src\stm32l4xx_hal_uart.o
                0x08003738                HAL_UART_ErrorCallback
 .text.UART_SetConfig
                0x0800374c      0x508 Drivers\STM32L4xx_HAL_Driver\Src\stm32l4xx_hal_uart.o
                0x0800374c                UART_SetConfig
 .text.UART_AdvFeatureConfig
                0x08003c54      0x144 Drivers\STM32L4xx_HAL_Driver\Src\stm32l4xx_hal_uart.o
                0x08003c54                UART_AdvFeatureConfig
 .text.UART_CheckIdleState
                0x08003d98       0x8a Drivers\STM32L4xx_HAL_Driver\Src\stm32l4xx_hal_uart.o
                0x08003d98                UART_CheckIdleState
 .text.UART_WaitOnFlagUntilTimeout
                0x08003e22       0xf6 Drivers\STM32L4xx_HAL_Driver\Src\stm32l4xx_hal_uart.o
                0x08003e22                UART_WaitOnFlagUntilTimeout
 .text.UART_EndRxTransfer
                0x08003f18       0x40 Drivers\STM32L4xx_HAL_Driver\Src\stm32l4xx_hal_uart.o
 .text.UART_DMAAbortOnError
                0x08003f58       0x2c Drivers\STM32L4xx_HAL_Driver\Src\stm32l4xx_hal_uart.o
 .text.UART_EndTransmit_IT
                0x08003f84       0x32 Drivers\STM32L4xx_HAL_Driver\Src\stm32l4xx_hal_uart.o
 .text.HAL_UARTEx_WakeupCallback
                0x08003fb6       0x14 Drivers\STM32L4xx_HAL_Driver\Src\stm32l4xx_hal_uart_ex.o
                0x08003fb6                HAL_UARTEx_WakeupCallback
 *fill*         0x08003fca        0x2 
 .text.Reset_Handler
                0x08003fcc       0x50 startup\startup_stm32l476xx.o
                0x08003fcc                Reset_Handler
 .text.Default_Handler
                0x0800401c        0x2 startup\startup_stm32l476xx.o
                0x0800401c                RTC_Alarm_IRQHandler
                0x0800401c                EXTI2_IRQHandler
                0x0800401c                TIM8_TRG_COM_IRQHandler
                0x0800401c                TIM8_CC_IRQHandler
                0x0800401c                TIM1_CC_IRQHandler
                0x0800401c                TSC_IRQHandler
                0x0800401c                TAMP_STAMP_IRQHandler
                0x0800401c                EXTI3_IRQHandler
                0x0800401c                LPTIM2_IRQHandler
                0x0800401c                DFSDM1_FLT1_IRQHandler
                0x0800401c                I2C3_ER_IRQHandler
                0x0800401c                DFSDM1_FLT2_IRQHandler
                0x0800401c                EXTI0_IRQHandler
                0x0800401c                I2C2_EV_IRQHandler
                0x0800401c                CAN1_RX0_IRQHandler
                0x0800401c                FPU_IRQHandler
                0x0800401c                TIM1_UP_TIM16_IRQHandler
                0x0800401c                ADC1_2_IRQHandler
                0x0800401c                SPI1_IRQHandler
                0x0800401c                TIM6_DAC_IRQHandler
                0x0800401c                TIM8_UP_IRQHandler
                0x0800401c                DMA2_Channel2_IRQHandler
                0x0800401c                DMA1_Channel4_IRQHandler
                0x0800401c                SAI2_IRQHandler
                0x0800401c                DFSDM1_FLT3_IRQHandler
                0x0800401c                DMA1_Channel7_IRQHandler
                0x0800401c                CAN1_RX1_IRQHandler
                0x0800401c                LCD_IRQHandler
                0x0800401c                UART5_IRQHandler
                0x0800401c                ADC3_IRQHandler
                0x0800401c                TIM4_IRQHandler
                0x0800401c                DMA2_Channel1_IRQHandler
                0x0800401c                QUADSPI_IRQHandler
                0x0800401c                I2C1_EV_IRQHandler
                0x0800401c                DMA1_Channel6_IRQHandler
                0x0800401c                UART4_IRQHandler
                0x0800401c                DMA2_Channel4_IRQHandler
                0x0800401c                TIM3_IRQHandler
                0x0800401c                RCC_IRQHandler
                0x0800401c                DMA1_Channel1_IRQHandler
                0x0800401c                Default_Handler
                0x0800401c                DMA2_Channel7_IRQHandler
                0x0800401c                TIM7_IRQHandler
                0x0800401c                SDMMC1_IRQHandler
                0x0800401c                TIM5_IRQHandler
                0x0800401c                I2C3_EV_IRQHandler
                0x0800401c                EXTI9_5_IRQHandler
                0x0800401c                RTC_WKUP_IRQHandler
                0x0800401c                PVD_PVM_IRQHandler
                0x0800401c                SPI2_IRQHandler
                0x0800401c                CAN1_TX_IRQHandler
                0x0800401c                DMA2_Channel5_IRQHandler
                0x0800401c                DMA1_Channel5_IRQHandler
                0x0800401c                EXTI4_IRQHandler
                0x0800401c                RNG_IRQHandler
                0x0800401c                TIM1_TRG_COM_TIM17_IRQHandler
                0x0800401c                DMA1_Channel3_IRQHandler
                0x0800401c                COMP_IRQHandler
                0x0800401c                WWDG_IRQHandler
                0x0800401c                LPUART1_IRQHandler
                0x0800401c                DMA2_Channel6_IRQHandler
                0x0800401c                TIM2_IRQHandler
                0x0800401c                EXTI1_IRQHandler
                0x0800401c                DFSDM1_FLT0_IRQHandler
                0x0800401c                I2C2_ER_IRQHandler
                0x0800401c                DMA1_Channel2_IRQHandler
                0x0800401c                TIM8_BRK_IRQHandler
                0x0800401c                CAN1_SCE_IRQHandler
                0x0800401c                FLASH_IRQHandler
                0x0800401c                USART1_IRQHandler
                0x0800401c                OTG_FS_IRQHandler
                0x0800401c                SPI3_IRQHandler
                0x0800401c                I2C1_ER_IRQHandler
                0x0800401c                FMC_IRQHandler
                0x0800401c                SWPMI1_IRQHandler
                0x0800401c                LPTIM1_IRQHandler
                0x0800401c                SAI1_IRQHandler
                0x0800401c                DMA2_Channel3_IRQHandler
                0x0800401c                TIM1_BRK_TIM15_IRQHandler
 *fill*         0x0800401e        0x2 
 .text.__errno  0x08004020        0xc c:/program files (x86)/atollic/truestudio for stm32 9.3.0/armtools/bin/../lib/gcc/arm-atollic-eabi/6.3.1/../../../../arm-atollic-eabi/lib/armv7e-m/fpu\libc_nano.a(lib_a-errno.o)
                0x08004020                __errno
 .text.__libc_init_array
                0x0800402c       0x48 c:/program files (x86)/atollic/truestudio for stm32 9.3.0/armtools/bin/../lib/gcc/arm-atollic-eabi/6.3.1/../../../../arm-atollic-eabi/lib/armv7e-m/fpu\libc_nano.a(lib_a-init.o)
                0x0800402c                __libc_init_array
 .text.memset   0x08004074       0x10 c:/program files (x86)/atollic/truestudio for stm32 9.3.0/armtools/bin/../lib/gcc/arm-atollic-eabi/6.3.1/../../../../arm-atollic-eabi/lib/armv7e-m/fpu\libc_nano.a(lib_a-memset.o)
                0x08004074                memset
 .text._vsprintf_r
                0x08004084       0x30 c:/program files (x86)/atollic/truestudio for stm32 9.3.0/armtools/bin/../lib/gcc/arm-atollic-eabi/6.3.1/../../../../arm-atollic-eabi/lib/armv7e-m/fpu\libc_nano.a(lib_a-vsprintf.o)
                0x08004084                _vsprintf_r
                0x08004084                _vsiprintf_r
 .text.vsprintf
                0x080040b4       0x14 c:/program files (x86)/atollic/truestudio for stm32 9.3.0/armtools/bin/../lib/gcc/arm-atollic-eabi/6.3.1/../../../../arm-atollic-eabi/lib/armv7e-m/fpu\libc_nano.a(lib_a-vsprintf.o)
                0x080040b4                vsiprintf
                0x080040b4                vsprintf
 .text.__ssputs_r
                0x080040c8       0xb6 c:/program files (x86)/atollic/truestudio for stm32 9.3.0/armtools/bin/../lib/gcc/arm-atollic-eabi/6.3.1/../../../../arm-atollic-eabi/lib/armv7e-m/fpu\libc_nano.a(lib_a-nano-svfprintf.o)
                0x080040c8                __ssputs_r
 *fill*         0x0800417e        0x2 
 .text._svfprintf_r
                0x08004180      0x1e8 c:/program files (x86)/atollic/truestudio for stm32 9.3.0/armtools/bin/../lib/gcc/arm-atollic-eabi/6.3.1/../../../../arm-atollic-eabi/lib/armv7e-m/fpu\libc_nano.a(lib_a-nano-svfprintf.o)
                0x08004180                _svfiprintf_r
                0x08004180                _svfprintf_r
 .text._printf_common
                0x08004368       0xec c:/program files (x86)/atollic/truestudio for stm32 9.3.0/armtools/bin/../lib/gcc/arm-atollic-eabi/6.3.1/../../../../arm-atollic-eabi/lib/armv7e-m/fpu\libc_nano.a(lib_a-nano-vfprintf_i.o)
                0x08004368                _printf_common
 .text._printf_i
                0x08004454      0x240 c:/program files (x86)/atollic/truestudio for stm32 9.3.0/armtools/bin/../lib/gcc/arm-atollic-eabi/6.3.1/../../../../arm-atollic-eabi/lib/armv7e-m/fpu\libc_nano.a(lib_a-nano-vfprintf_i.o)
                0x08004454                _printf_i
 .text.memcpy   0x08004694       0x16 c:/program files (x86)/atollic/truestudio for stm32 9.3.0/armtools/bin/../lib/gcc/arm-atollic-eabi/6.3.1/../../../../arm-atollic-eabi/lib/armv7e-m/fpu\libc_nano.a(lib_a-memcpy-stub.o)
                0x08004694                memcpy
 .text.memmove  0x080046aa       0x34 c:/program files (x86)/atollic/truestudio for stm32 9.3.0/armtools/bin/../lib/gcc/arm-atollic-eabi/6.3.1/../../../../arm-atollic-eabi/lib/armv7e-m/fpu\libc_nano.a(lib_a-memmove.o)
                0x080046aa                memmove
 *fill*         0x080046de        0x2 
 .text._free_r  0x080046e0       0x9c c:/program files (x86)/atollic/truestudio for stm32 9.3.0/armtools/bin/../lib/gcc/arm-atollic-eabi/6.3.1/../../../../arm-atollic-eabi/lib/armv7e-m/fpu\libc_nano.a(lib_a-nano-freer.o)
                0x080046e0                _free_r
 .text._malloc_r
                0x0800477c       0xbc c:/program files (x86)/atollic/truestudio for stm32 9.3.0/armtools/bin/../lib/gcc/arm-atollic-eabi/6.3.1/../../../../arm-atollic-eabi/lib/armv7e-m/fpu\libc_nano.a(lib_a-nano-mallocr.o)
                0x0800477c                _malloc_r
 .text._realloc_r
                0x08004838       0x4c c:/program files (x86)/atollic/truestudio for stm32 9.3.0/armtools/bin/../lib/gcc/arm-atollic-eabi/6.3.1/../../../../arm-atollic-eabi/lib/armv7e-m/fpu\libc_nano.a(lib_a-nano-reallocr.o)
                0x08004838                _realloc_r
 .text._sbrk_r  0x08004884       0x20 c:/program files (x86)/atollic/truestudio for stm32 9.3.0/armtools/bin/../lib/gcc/arm-atollic-eabi/6.3.1/../../../../arm-atollic-eabi/lib/armv7e-m/fpu\libc_nano.a(lib_a-sbrkr.o)
                0x08004884                _sbrk_r
 .text.__malloc_lock
                0x080048a4        0x2 c:/program files (x86)/atollic/truestudio for stm32 9.3.0/armtools/bin/../lib/gcc/arm-atollic-eabi/6.3.1/../../../../arm-atollic-eabi/lib/armv7e-m/fpu\libc_nano.a(lib_a-mlock.o)
                0x080048a4                __malloc_lock
 .text.__malloc_unlock
                0x080048a6        0x2 c:/program files (x86)/atollic/truestudio for stm32 9.3.0/armtools/bin/../lib/gcc/arm-atollic-eabi/6.3.1/../../../../arm-atollic-eabi/lib/armv7e-m/fpu\libc_nano.a(lib_a-mlock.o)
                0x080048a6                __malloc_unlock
 .text._malloc_usable_size_r
                0x080048a8       0x12 c:/program files (x86)/atollic/truestudio for stm32 9.3.0/armtools/bin/../lib/gcc/arm-atollic-eabi/6.3.1/../../../../arm-atollic-eabi/lib/armv7e-m/fpu\libc_nano.a(lib_a-nano-msizer.o)
                0x080048a8                _malloc_usable_size_r
 *(.glue_7)
 .glue_7        0x080048ba        0x0 linker stubs
 *(.glue_7t)
 .glue_7t       0x080048ba        0x0 linker stubs
 *(.eh_frame)
 *fill*         0x080048ba        0x2 
 .eh_frame      0x080048bc        0x0 c:/program files (x86)/atollic/truestudio for stm32 9.3.0/armtools/bin/../lib/gcc/arm-atollic-eabi/6.3.1/armv7e-m/fpu/crtbegin.o
 *(.init)
 .init          0x080048bc        0x4 c:/program files (x86)/atollic/truestudio for stm32 9.3.0/armtools/bin/../lib/gcc/arm-atollic-eabi/6.3.1/armv7e-m/fpu/crti.o
                0x080048bc                _init
 .init          0x080048c0        0x8 c:/program files (x86)/atollic/truestudio for stm32 9.3.0/armtools/bin/../lib/gcc/arm-atollic-eabi/6.3.1/armv7e-m/fpu/crtn.o
 *(.fini)
 .fini          0x080048c8        0x4 c:/program files (x86)/atollic/truestudio for stm32 9.3.0/armtools/bin/../lib/gcc/arm-atollic-eabi/6.3.1/armv7e-m/fpu/crti.o
                0x080048c8                _fini
 .fini          0x080048cc        0x8 c:/program files (x86)/atollic/truestudio for stm32 9.3.0/armtools/bin/../lib/gcc/arm-atollic-eabi/6.3.1/armv7e-m/fpu/crtn.o
                0x080048d4                . = ALIGN (0x4)
                0x080048d4                _etext = .

.vfp11_veneer   0x080048d4        0x0
 .vfp11_veneer  0x080048d4        0x0 linker stubs

.v4_bx          0x080048d4        0x0
 .v4_bx         0x080048d4        0x0 linker stubs

.iplt           0x080048d4        0x0
 .iplt          0x080048d4        0x0 c:/program files (x86)/atollic/truestudio for stm32 9.3.0/armtools/bin/../lib/gcc/arm-atollic-eabi/6.3.1/armv7e-m/fpu/crtbegin.o

.rodata         0x080048d4      0x25c
                0x080048d4                . = ALIGN (0x4)
 *(.rodata)
 .rodata        0x080048d4      0x1de Core\Src\main.o
 *(.rodata*)
 *fill*         0x08004ab2        0x2 
 .rodata.AHBPrescTable
                0x08004ab4       0x10 Core\Src\system_stm32l4xx.o
                0x08004ab4                AHBPrescTable
 .rodata.APBPrescTable
                0x08004ac4        0x8 Core\Src\system_stm32l4xx.o
                0x08004ac4                APBPrescTable
 .rodata.MSIRangeTable
                0x08004acc       0x30 Core\Src\system_stm32l4xx.o
                0x08004acc                MSIRangeTable
 .rodata._svfprintf_r.str1.1
                0x08004afc       0x11 c:/program files (x86)/atollic/truestudio for stm32 9.3.0/armtools/bin/../lib/gcc/arm-atollic-eabi/6.3.1/../../../../arm-atollic-eabi/lib/armv7e-m/fpu\libc_nano.a(lib_a-nano-svfprintf.o)
 .rodata._printf_i.str1.1
                0x08004b0d       0x22 c:/program files (x86)/atollic/truestudio for stm32 9.3.0/armtools/bin/../lib/gcc/arm-atollic-eabi/6.3.1/../../../../arm-atollic-eabi/lib/armv7e-m/fpu\libc_nano.a(lib_a-nano-vfprintf_i.o)
                0x08004b30                . = ALIGN (0x4)
 *fill*         0x08004b2f        0x1 

.ARM.extab
 *(.ARM.extab* .gnu.linkonce.armextab.*)

.ARM            0x08004b30        0x8
                0x08004b30                __exidx_start = .
 *(.ARM.exidx*)
 .ARM.exidx     0x08004b30        0x8 c:/program files (x86)/atollic/truestudio for stm32 9.3.0/armtools/bin/../lib/gcc/arm-atollic-eabi/6.3.1/armv7e-m/fpu\libgcc.a(_udivmoddi4.o)
                0x08004b38                __exidx_end = .

.rel.dyn        0x08004b38        0x0
 .rel.iplt      0x08004b38        0x0 c:/program files (x86)/atollic/truestudio for stm32 9.3.0/armtools/bin/../lib/gcc/arm-atollic-eabi/6.3.1/armv7e-m/fpu/crtbegin.o

.preinit_array  0x08004b38        0x0
                0x08004b38                PROVIDE (__preinit_array_start, .)
 *(.preinit_array*)
                0x08004b38                PROVIDE (__preinit_array_end, .)

.init_array     0x08004b38        0x4
                0x08004b38                PROVIDE (__init_array_start, .)
 *(SORT(.init_array.*))
 *(.init_array*)
 .init_array    0x08004b38        0x4 c:/program files (x86)/atollic/truestudio for stm32 9.3.0/armtools/bin/../lib/gcc/arm-atollic-eabi/6.3.1/armv7e-m/fpu/crtbegin.o
                0x08004b3c                PROVIDE (__init_array_end, .)

.fini_array     0x08004b3c        0x4
                [!provide]                PROVIDE (__fini_array_start, .)
 *(SORT(.fini_array.*))
 *(.fini_array*)
 .fini_array    0x08004b3c        0x4 c:/program files (x86)/atollic/truestudio for stm32 9.3.0/armtools/bin/../lib/gcc/arm-atollic-eabi/6.3.1/armv7e-m/fpu/crtbegin.o
                [!provide]                PROVIDE (__fini_array_end, .)
                0x08004b40                _sidata = LOADADDR (.data)

.data           0x20000000       0x70 load address 0x08004b40
                0x20000000                . = ALIGN (0x4)
                0x20000000                _sdata = .
 *(.data)
 *(.data*)
 .data.SystemCoreClock
                0x20000000        0x4 Core\Src\system_stm32l4xx.o
                0x20000000                SystemCoreClock
 .data.uwTickPrio
                0x20000004        0x4 Drivers\STM32L4xx_HAL_Driver\Src\stm32l4xx_hal.o
                0x20000004                uwTickPrio
 .data.uwTickFreq
                0x20000008        0x1 Drivers\STM32L4xx_HAL_Driver\Src\stm32l4xx_hal.o
                0x20000008                uwTickFreq
 *fill*         0x20000009        0x3 
 .data._impure_ptr
                0x2000000c        0x4 c:/program files (x86)/atollic/truestudio for stm32 9.3.0/armtools/bin/../lib/gcc/arm-atollic-eabi/6.3.1/../../../../arm-atollic-eabi/lib/armv7e-m/fpu\libc_nano.a(lib_a-impure.o)
                0x2000000c                _impure_ptr
 .data.impure_data
                0x20000010       0x60 c:/program files (x86)/atollic/truestudio for stm32 9.3.0/armtools/bin/../lib/gcc/arm-atollic-eabi/6.3.1/../../../../arm-atollic-eabi/lib/armv7e-m/fpu\libc_nano.a(lib_a-impure.o)
                0x20000070                . = ALIGN (0x4)
                0x20000070                _edata = .

.igot.plt       0x20000070        0x0 load address 0x08004bb0
 .igot.plt      0x20000070        0x0 c:/program files (x86)/atollic/truestudio for stm32 9.3.0/armtools/bin/../lib/gcc/arm-atollic-eabi/6.3.1/armv7e-m/fpu/crtbegin.o
                0x20000070                . = ALIGN (0x4)

.bss            0x20000070      0x220 load address 0x08004bb0
                0x20000070                _sbss = .
                0x20000070                __bss_start__ = _sbss
 *(.bss)
 .bss           0x20000070       0x1c c:/program files (x86)/atollic/truestudio for stm32 9.3.0/armtools/bin/../lib/gcc/arm-atollic-eabi/6.3.1/armv7e-m/fpu/crtbegin.o
 *(.bss*)
 .bss.start_bootloader_flag
                0x2000008c        0x1 Core\Src\main.o
                0x2000008c                start_bootloader_flag
 *fill*         0x2000008d        0x3 
 .bss.heap_end.7010
                0x20000090        0x4 Core\Src\syscalls.o
 .bss.__malloc_free_list
                0x20000094        0x4 c:/program files (x86)/atollic/truestudio for stm32 9.3.0/armtools/bin/../lib/gcc/arm-atollic-eabi/6.3.1/../../../../arm-atollic-eabi/lib/armv7e-m/fpu\libc_nano.a(lib_a-nano-mallocr.o)
                0x20000094                __malloc_free_list
 .bss.__malloc_sbrk_start
                0x20000098        0x4 c:/program files (x86)/atollic/truestudio for stm32 9.3.0/armtools/bin/../lib/gcc/arm-atollic-eabi/6.3.1/../../../../arm-atollic-eabi/lib/armv7e-m/fpu\libc_nano.a(lib_a-nano-mallocr.o)
                0x20000098                __malloc_sbrk_start
 *(COMMON)
 COMMON         0x2000009c      0x1ec Core\Src\main.o
                0x2000009c                huart3
                0x2000011c                hcrc
                0x20000140                huart2
                0x200001c0                bl_rx_buffer
 COMMON         0x20000288        0x4 Drivers\STM32L4xx_HAL_Driver\Src\stm32l4xx_hal.o
                0x20000288                uwTick
 COMMON         0x2000028c        0x4 c:/program files (x86)/atollic/truestudio for stm32 9.3.0/armtools/bin/../lib/gcc/arm-atollic-eabi/6.3.1/../../../../arm-atollic-eabi/lib/armv7e-m/fpu\libc_nano.a(lib_a-reent.o)
                0x2000028c                errno
                0x20000290                . = ALIGN (0x4)
                0x20000290                _ebss = .
                0x20000290                __bss_end__ = _ebss

._user_heap_stack
                0x20000290      0x600 load address 0x08004bb0
                0x20000290                . = ALIGN (0x4)
                0x20000290                PROVIDE (end, .)
                [!provide]                PROVIDE (_end, .)
                0x20000490                . = (. + _Min_Heap_Size)
 *fill*         0x20000290      0x200 
                0x20000890                . = (. + _Min_Stack_Size)
 *fill*         0x20000490      0x400 
                0x20000890                . = ALIGN (0x4)

/DISCARD/
 libc.a(*)
 libm.a(*)
 libgcc.a(*)

.ARM.attributes
                0x00000000       0x30
 *(.ARM.attributes)
 .ARM.attributes
                0x00000000       0x22 c:/program files (x86)/atollic/truestudio for stm32 9.3.0/armtools/bin/../lib/gcc/arm-atollic-eabi/6.3.1/armv7e-m/fpu/crti.o
 .ARM.attributes
                0x00000022       0x34 c:/program files (x86)/atollic/truestudio for stm32 9.3.0/armtools/bin/../lib/gcc/arm-atollic-eabi/6.3.1/armv7e-m/fpu/crtbegin.o
 .ARM.attributes
                0x00000056       0x39 Core\Src\main.o
 .ARM.attributes
                0x0000008f       0x39 Core\Src\stm32l4xx_hal_msp.o
 .ARM.attributes
                0x000000c8       0x39 Core\Src\stm32l4xx_it.o
 .ARM.attributes
                0x00000101       0x39 Core\Src\syscalls.o
 .ARM.attributes
                0x0000013a       0x39 Core\Src\system_stm32l4xx.o
 .ARM.attributes
                0x00000173       0x39 Drivers\STM32L4xx_HAL_Driver\Src\stm32l4xx_hal.o
 .ARM.attributes
                0x000001ac       0x39 Drivers\STM32L4xx_HAL_Driver\Src\stm32l4xx_hal_cortex.o
 .ARM.attributes
                0x000001e5       0x39 Drivers\STM32L4xx_HAL_Driver\Src\stm32l4xx_hal_crc.o
 .ARM.attributes
                0x0000021e       0x39 Drivers\STM32L4xx_HAL_Driver\Src\stm32l4xx_hal_crc_ex.o
 .ARM.attributes
                0x00000257       0x39 Drivers\STM32L4xx_HAL_Driver\Src\stm32l4xx_hal_dma.o
 .ARM.attributes
                0x00000290       0x39 Drivers\STM32L4xx_HAL_Driver\Src\stm32l4xx_hal_gpio.o
 .ARM.attributes
                0x000002c9       0x39 Drivers\STM32L4xx_HAL_Driver\Src\stm32l4xx_hal_pwr_ex.o
 .ARM.attributes
                0x00000302       0x39 Drivers\STM32L4xx_HAL_Driver\Src\stm32l4xx_hal_rcc.o
 .ARM.attributes
                0x0000033b       0x39 Drivers\STM32L4xx_HAL_Driver\Src\stm32l4xx_hal_rcc_ex.o
 .ARM.attributes
                0x00000374       0x39 Drivers\STM32L4xx_HAL_Driver\Src\stm32l4xx_hal_uart.o
 .ARM.attributes
                0x000003ad       0x39 Drivers\STM32L4xx_HAL_Driver\Src\stm32l4xx_hal_uart_ex.o
 .ARM.attributes
                0x000003e6       0x21 startup\startup_stm32l476xx.o
 .ARM.attributes
                0x00000407       0x34 c:/program files (x86)/atollic/truestudio for stm32 9.3.0/armtools/bin/../lib/gcc/arm-atollic-eabi/6.3.1/../../../../arm-atollic-eabi/lib/armv7e-m/fpu\libc_nano.a(lib_a-errno.o)
 .ARM.attributes
                0x0000043b       0x34 c:/program files (x86)/atollic/truestudio for stm32 9.3.0/armtools/bin/../lib/gcc/arm-atollic-eabi/6.3.1/../../../../arm-atollic-eabi/lib/armv7e-m/fpu\libc_nano.a(lib_a-impure.o)
 .ARM.attributes
                0x0000046f       0x34 c:/program files (x86)/atollic/truestudio for stm32 9.3.0/armtools/bin/../lib/gcc/arm-atollic-eabi/6.3.1/../../../../arm-atollic-eabi/lib/armv7e-m/fpu\libc_nano.a(lib_a-init.o)
 .ARM.attributes
                0x000004a3       0x34 c:/program files (x86)/atollic/truestudio for stm32 9.3.0/armtools/bin/../lib/gcc/arm-atollic-eabi/6.3.1/../../../../arm-atollic-eabi/lib/armv7e-m/fpu\libc_nano.a(lib_a-memset.o)
 .ARM.attributes
                0x000004d7       0x1b c:/program files (x86)/atollic/truestudio for stm32 9.3.0/armtools/bin/../lib/gcc/arm-atollic-eabi/6.3.1/../../../../arm-atollic-eabi/lib/armv7e-m/fpu\libc_nano.a(lib_a-strlen.o)
 .ARM.attributes
                0x000004f2       0x34 c:/program files (x86)/atollic/truestudio for stm32 9.3.0/armtools/bin/../lib/gcc/arm-atollic-eabi/6.3.1/../../../../arm-atollic-eabi/lib/armv7e-m/fpu\libc_nano.a(lib_a-vsprintf.o)
 .ARM.attributes
                0x00000526       0x34 c:/program files (x86)/atollic/truestudio for stm32 9.3.0/armtools/bin/../lib/gcc/arm-atollic-eabi/6.3.1/../../../../arm-atollic-eabi/lib/armv7e-m/fpu\libc_nano.a(lib_a-nano-svfprintf.o)
 .ARM.attributes
                0x0000055a       0x34 c:/program files (x86)/atollic/truestudio for stm32 9.3.0/armtools/bin/../lib/gcc/arm-atollic-eabi/6.3.1/../../../../arm-atollic-eabi/lib/armv7e-m/fpu\libc_nano.a(lib_a-nano-vfprintf_i.o)
 .ARM.attributes
                0x0000058e       0x20 c:/program files (x86)/atollic/truestudio for stm32 9.3.0/armtools/bin/../lib/gcc/arm-atollic-eabi/6.3.1/../../../../arm-atollic-eabi/lib/armv7e-m/fpu\libc_nano.a(lib_a-memchr.o)
 .ARM.attributes
                0x000005ae       0x34 c:/program files (x86)/atollic/truestudio for stm32 9.3.0/armtools/bin/../lib/gcc/arm-atollic-eabi/6.3.1/../../../../arm-atollic-eabi/lib/armv7e-m/fpu\libc_nano.a(lib_a-memcpy-stub.o)
 .ARM.attributes
                0x000005e2       0x34 c:/program files (x86)/atollic/truestudio for stm32 9.3.0/armtools/bin/../lib/gcc/arm-atollic-eabi/6.3.1/../../../../arm-atollic-eabi/lib/armv7e-m/fpu\libc_nano.a(lib_a-memmove.o)
 .ARM.attributes
                0x00000616       0x34 c:/program files (x86)/atollic/truestudio for stm32 9.3.0/armtools/bin/../lib/gcc/arm-atollic-eabi/6.3.1/../../../../arm-atollic-eabi/lib/armv7e-m/fpu\libc_nano.a(lib_a-nano-freer.o)
 .ARM.attributes
                0x0000064a       0x34 c:/program files (x86)/atollic/truestudio for stm32 9.3.0/armtools/bin/../lib/gcc/arm-atollic-eabi/6.3.1/../../../../arm-atollic-eabi/lib/armv7e-m/fpu\libc_nano.a(lib_a-nano-mallocr.o)
 .ARM.attributes
                0x0000067e       0x34 c:/program files (x86)/atollic/truestudio for stm32 9.3.0/armtools/bin/../lib/gcc/arm-atollic-eabi/6.3.1/../../../../arm-atollic-eabi/lib/armv7e-m/fpu\libc_nano.a(lib_a-nano-reallocr.o)
 .ARM.attributes
                0x000006b2       0x34 c:/program files (x86)/atollic/truestudio for stm32 9.3.0/armtools/bin/../lib/gcc/arm-atollic-eabi/6.3.1/../../../../arm-atollic-eabi/lib/armv7e-m/fpu\libc_nano.a(lib_a-sbrkr.o)
 .ARM.attributes
                0x000006e6       0x34 c:/program files (x86)/atollic/truestudio for stm32 9.3.0/armtools/bin/../lib/gcc/arm-atollic-eabi/6.3.1/../../../../arm-atollic-eabi/lib/armv7e-m/fpu\libc_nano.a(lib_a-mlock.o)
 .ARM.attributes
                0x0000071a       0x34 c:/program files (x86)/atollic/truestudio for stm32 9.3.0/armtools/bin/../lib/gcc/arm-atollic-eabi/6.3.1/../../../../arm-atollic-eabi/lib/armv7e-m/fpu\libc_nano.a(lib_a-nano-msizer.o)
 .ARM.attributes
                0x0000074e       0x34 c:/program files (x86)/atollic/truestudio for stm32 9.3.0/armtools/bin/../lib/gcc/arm-atollic-eabi/6.3.1/../../../../arm-atollic-eabi/lib/armv7e-m/fpu\libc_nano.a(lib_a-reent.o)
 .ARM.attributes
                0x00000782       0x22 c:/program files (x86)/atollic/truestudio for stm32 9.3.0/armtools/bin/../lib/gcc/arm-atollic-eabi/6.3.1/armv7e-m/fpu\libgcc.a(_aeabi_uldivmod.o)
 .ARM.attributes
                0x000007a4       0x34 c:/program files (x86)/atollic/truestudio for stm32 9.3.0/armtools/bin/../lib/gcc/arm-atollic-eabi/6.3.1/armv7e-m/fpu\libgcc.a(_udivmoddi4.o)
 .ARM.attributes
                0x000007d8       0x22 c:/program files (x86)/atollic/truestudio for stm32 9.3.0/armtools/bin/../lib/gcc/arm-atollic-eabi/6.3.1/armv7e-m/fpu\libgcc.a(_dvmd_tls.o)
 .ARM.attributes
                0x000007fa       0x22 c:/program files (x86)/atollic/truestudio for stm32 9.3.0/armtools/bin/../lib/gcc/arm-atollic-eabi/6.3.1/armv7e-m/fpu/crtn.o
OUTPUT(bootloader.elf elf32-littlearm)

.debug_info     0x00000000     0xd525
 .debug_info    0x00000000     0x2068 Core\Src\main.o
 .debug_info    0x00002068      0xfe1 Core\Src\stm32l4xx_hal_msp.o
 .debug_info    0x00003049      0x8aa Core\Src\stm32l4xx_it.o
 .debug_info    0x000038f3      0xf16 Core\Src\syscalls.o
 .debug_info    0x00004809      0x725 Core\Src\system_stm32l4xx.o
 .debug_info    0x00004f2e      0xd2b Drivers\STM32L4xx_HAL_Driver\Src\stm32l4xx_hal.o
 .debug_info    0x00005c59      0xf6a Drivers\STM32L4xx_HAL_Driver\Src\stm32l4xx_hal_cortex.o
 .debug_info    0x00006bc3      0x6f3 Drivers\STM32L4xx_HAL_Driver\Src\stm32l4xx_hal_crc.o
 .debug_info    0x000072b6      0x53d Drivers\STM32L4xx_HAL_Driver\Src\stm32l4xx_hal_crc_ex.o
 .debug_info    0x000077f3      0x8ed Drivers\STM32L4xx_HAL_Driver\Src\stm32l4xx_hal_dma.o
 .debug_info    0x000080e0      0x9bf Drivers\STM32L4xx_HAL_Driver\Src\stm32l4xx_hal_gpio.o
 .debug_info    0x00008a9f      0xb33 Drivers\STM32L4xx_HAL_Driver\Src\stm32l4xx_hal_pwr_ex.o
 .debug_info    0x000095d2      0xd2c Drivers\STM32L4xx_HAL_Driver\Src\stm32l4xx_hal_rcc.o
 .debug_info    0x0000a2fe      0xf3e Drivers\STM32L4xx_HAL_Driver\Src\stm32l4xx_hal_rcc_ex.o
 .debug_info    0x0000b23c     0x182b Drivers\STM32L4xx_HAL_Driver\Src\stm32l4xx_hal_uart.o
 .debug_info    0x0000ca67      0xa33 Drivers\STM32L4xx_HAL_Driver\Src\stm32l4xx_hal_uart_ex.o
 .debug_info    0x0000d49a       0x8b startup\startup_stm32l476xx.o

.debug_abbrev   0x00000000     0x1fee
 .debug_abbrev  0x00000000      0x376 Core\Src\main.o
 .debug_abbrev  0x00000376      0x1aa Core\Src\stm32l4xx_hal_msp.o
 .debug_abbrev  0x00000520      0x144 Core\Src\stm32l4xx_it.o
 .debug_abbrev  0x00000664      0x271 Core\Src\syscalls.o
 .debug_abbrev  0x000008d5      0x14b Core\Src\system_stm32l4xx.o
 .debug_abbrev  0x00000a20      0x1f6 Drivers\STM32L4xx_HAL_Driver\Src\stm32l4xx_hal.o
 .debug_abbrev  0x00000c16      0x2f5 Drivers\STM32L4xx_HAL_Driver\Src\stm32l4xx_hal_cortex.o
 .debug_abbrev  0x00000f0b      0x1cc Drivers\STM32L4xx_HAL_Driver\Src\stm32l4xx_hal_crc.o
 .debug_abbrev  0x000010d7      0x160 Drivers\STM32L4xx_HAL_Driver\Src\stm32l4xx_hal_crc_ex.o
 .debug_abbrev  0x00001237      0x1d4 Drivers\STM32L4xx_HAL_Driver\Src\stm32l4xx_hal_dma.o
 .debug_abbrev  0x0000140b      0x1bb Drivers\STM32L4xx_HAL_Driver\Src\stm32l4xx_hal_gpio.o
 .debug_abbrev  0x000015c6      0x1c6 Drivers\STM32L4xx_HAL_Driver\Src\stm32l4xx_hal_pwr_ex.o
 .debug_abbrev  0x0000178c      0x240 Drivers\STM32L4xx_HAL_Driver\Src\stm32l4xx_hal_rcc.o
 .debug_abbrev  0x000019cc      0x233 Drivers\STM32L4xx_HAL_Driver\Src\stm32l4xx_hal_rcc_ex.o
 .debug_abbrev  0x00001bff      0x200 Drivers\STM32L4xx_HAL_Driver\Src\stm32l4xx_hal_uart.o
 .debug_abbrev  0x00001dff      0x1dd Drivers\STM32L4xx_HAL_Driver\Src\stm32l4xx_hal_uart_ex.o
 .debug_abbrev  0x00001fdc       0x12 startup\startup_stm32l476xx.o

.debug_aranges  0x00000000      0xb60
 .debug_aranges
                0x00000000       0xf0 Core\Src\main.o
 .debug_aranges
                0x000000f0       0x40 Core\Src\stm32l4xx_hal_msp.o
 .debug_aranges
                0x00000130       0x78 Core\Src\stm32l4xx_it.o
 .debug_aranges
                0x000001a8       0xb0 Core\Src\syscalls.o
 .debug_aranges
                0x00000258       0x28 Core\Src\system_stm32l4xx.o
 .debug_aranges
                0x00000280      0x130 Drivers\STM32L4xx_HAL_Driver\Src\stm32l4xx_hal.o
 .debug_aranges
                0x000003b0      0x118 Drivers\STM32L4xx_HAL_Driver\Src\stm32l4xx_hal_cortex.o
 .debug_aranges
                0x000004c8       0x60 Drivers\STM32L4xx_HAL_Driver\Src\stm32l4xx_hal_crc.o
 .debug_aranges
                0x00000528       0x30 Drivers\STM32L4xx_HAL_Driver\Src\stm32l4xx_hal_crc_ex.o
 .debug_aranges
                0x00000558       0x80 Drivers\STM32L4xx_HAL_Driver\Src\stm32l4xx_hal_dma.o
 .debug_aranges
                0x000005d8       0x58 Drivers\STM32L4xx_HAL_Driver\Src\stm32l4xx_hal_gpio.o
 .debug_aranges
                0x00000630      0x150 Drivers\STM32L4xx_HAL_Driver\Src\stm32l4xx_hal_pwr_ex.o
 .debug_aranges
                0x00000780       0x88 Drivers\STM32L4xx_HAL_Driver\Src\stm32l4xx_hal_rcc.o
 .debug_aranges
                0x00000808       0xc0 Drivers\STM32L4xx_HAL_Driver\Src\stm32l4xx_hal_rcc_ex.o
 .debug_aranges
                0x000008c8      0x210 Drivers\STM32L4xx_HAL_Driver\Src\stm32l4xx_hal_uart.o
 .debug_aranges
                0x00000ad8       0x60 Drivers\STM32L4xx_HAL_Driver\Src\stm32l4xx_hal_uart_ex.o
 .debug_aranges
                0x00000b38       0x28 startup\startup_stm32l476xx.o

.debug_ranges   0x00000000      0xa58
 .debug_ranges  0x00000000       0xe0 Core\Src\main.o
 .debug_ranges  0x000000e0       0x30 Core\Src\stm32l4xx_hal_msp.o
 .debug_ranges  0x00000110       0x68 Core\Src\stm32l4xx_it.o
 .debug_ranges  0x00000178       0xa0 Core\Src\syscalls.o
 .debug_ranges  0x00000218       0x18 Core\Src\system_stm32l4xx.o
 .debug_ranges  0x00000230      0x120 Drivers\STM32L4xx_HAL_Driver\Src\stm32l4xx_hal.o
 .debug_ranges  0x00000350      0x108 Drivers\STM32L4xx_HAL_Driver\Src\stm32l4xx_hal_cortex.o
 .debug_ranges  0x00000458       0x50 Drivers\STM32L4xx_HAL_Driver\Src\stm32l4xx_hal_crc.o
 .debug_ranges  0x000004a8       0x20 Drivers\STM32L4xx_HAL_Driver\Src\stm32l4xx_hal_crc_ex.o
 .debug_ranges  0x000004c8       0x70 Drivers\STM32L4xx_HAL_Driver\Src\stm32l4xx_hal_dma.o
 .debug_ranges  0x00000538       0x48 Drivers\STM32L4xx_HAL_Driver\Src\stm32l4xx_hal_gpio.o
 .debug_ranges  0x00000580      0x140 Drivers\STM32L4xx_HAL_Driver\Src\stm32l4xx_hal_pwr_ex.o
 .debug_ranges  0x000006c0       0x78 Drivers\STM32L4xx_HAL_Driver\Src\stm32l4xx_hal_rcc.o
 .debug_ranges  0x00000738       0xb0 Drivers\STM32L4xx_HAL_Driver\Src\stm32l4xx_hal_rcc_ex.o
 .debug_ranges  0x000007e8      0x200 Drivers\STM32L4xx_HAL_Driver\Src\stm32l4xx_hal_uart.o
 .debug_ranges  0x000009e8       0x50 Drivers\STM32L4xx_HAL_Driver\Src\stm32l4xx_hal_uart_ex.o
 .debug_ranges  0x00000a38       0x20 startup\startup_stm32l476xx.o

.debug_line     0x00000000     0x5187
 .debug_line    0x00000000      0x669 Core\Src\main.o
 .debug_line    0x00000669      0x2e9 Core\Src\stm32l4xx_hal_msp.o
 .debug_line    0x00000952      0x316 Core\Src\stm32l4xx_it.o
 .debug_line    0x00000c68      0x3dd Core\Src\syscalls.o
 .debug_line    0x00001045      0x25e Core\Src\system_stm32l4xx.o
 .debug_line    0x000012a3      0x4c6 Drivers\STM32L4xx_HAL_Driver\Src\stm32l4xx_hal.o
 .debug_line    0x00001769      0x583 Drivers\STM32L4xx_HAL_Driver\Src\stm32l4xx_hal_cortex.o
 .debug_line    0x00001cec      0x38c Drivers\STM32L4xx_HAL_Driver\Src\stm32l4xx_hal_crc.o
 .debug_line    0x00002078      0x29f Drivers\STM32L4xx_HAL_Driver\Src\stm32l4xx_hal_crc_ex.o
 .debug_line    0x00002317      0x45f Drivers\STM32L4xx_HAL_Driver\Src\stm32l4xx_hal_dma.o
 .debug_line    0x00002776      0x3f8 Drivers\STM32L4xx_HAL_Driver\Src\stm32l4xx_hal_gpio.o
 .debug_line    0x00002b6e      0x5f3 Drivers\STM32L4xx_HAL_Driver\Src\stm32l4xx_hal_pwr_ex.o
 .debug_line    0x00003161      0x57a Drivers\STM32L4xx_HAL_Driver\Src\stm32l4xx_hal_rcc.o
 .debug_line    0x000036db      0x84b Drivers\STM32L4xx_HAL_Driver\Src\stm32l4xx_hal_rcc_ex.o
 .debug_line    0x00003f26      0xe11 Drivers\STM32L4xx_HAL_Driver\Src\stm32l4xx_hal_uart.o
 .debug_line    0x00004d37      0x3d0 Drivers\STM32L4xx_HAL_Driver\Src\stm32l4xx_hal_uart_ex.o
 .debug_line    0x00005107       0x80 startup\startup_stm32l476xx.o

.debug_str      0x00000000     0x3fde
 .debug_str     0x00000000     0x1ab5 Core\Src\main.o
                               0x1beb (size before relaxing)
 .debug_str     0x00001ab5       0x78 Core\Src\stm32l4xx_hal_msp.o
                               0x1028 (size before relaxing)
 .debug_str     0x00001b2d       0xe4 Core\Src\stm32l4xx_it.o
                                0x8ff (size before relaxing)
 .debug_str     0x00001c11      0x22f Core\Src\syscalls.o
                                0x86c (size before relaxing)
 .debug_str     0x00001e40       0xb8 Core\Src\system_stm32l4xx.o
                                0x63e (size before relaxing)
 .debug_str     0x00001ef8      0x46c Drivers\STM32L4xx_HAL_Driver\Src\stm32l4xx_hal.o
                                0xf2f (size before relaxing)
 .debug_str     0x00002364      0x489 Drivers\STM32L4xx_HAL_Driver\Src\stm32l4xx_hal_cortex.o
                                0xea7 (size before relaxing)
 .debug_str     0x000027ed       0xb7 Drivers\STM32L4xx_HAL_Driver\Src\stm32l4xx_hal_crc.o
                                0x6e9 (size before relaxing)
 .debug_str     0x000028a4       0xbd Drivers\STM32L4xx_HAL_Driver\Src\stm32l4xx_hal_crc_ex.o
                                0x6bc (size before relaxing)
 .debug_str     0x00002961      0x26c Drivers\STM32L4xx_HAL_Driver\Src\stm32l4xx_hal_dma.o
                                0x8ab (size before relaxing)
 .debug_str     0x00002bcd      0x14f Drivers\STM32L4xx_HAL_Driver\Src\stm32l4xx_hal_gpio.o
                                0x7eb (size before relaxing)
 .debug_str     0x00002d1c      0x546 Drivers\STM32L4xx_HAL_Driver\Src\stm32l4xx_hal_pwr_ex.o
                                0xa89 (size before relaxing)
 .debug_str     0x00003262      0x1df Drivers\STM32L4xx_HAL_Driver\Src\stm32l4xx_hal_rcc.o
                                0xa92 (size before relaxing)
 .debug_str     0x00003441      0x2de Drivers\STM32L4xx_HAL_Driver\Src\stm32l4xx_hal_rcc_ex.o
                                0xcc9 (size before relaxing)
 .debug_str     0x0000371f      0x717 Drivers\STM32L4xx_HAL_Driver\Src\stm32l4xx_hal_uart.o
                               0x10db (size before relaxing)
 .debug_str     0x00003e36      0x1a8 Drivers\STM32L4xx_HAL_Driver\Src\stm32l4xx_hal_uart_ex.o
                                0x9f9 (size before relaxing)

.comment        0x00000000       0x7c
 .comment       0x00000000       0x7c Core\Src\main.o
                                 0x7d (size before relaxing)
 .comment       0x0000007c       0x7d Core\Src\stm32l4xx_hal_msp.o
 .comment       0x0000007c       0x7d Core\Src\stm32l4xx_it.o
 .comment       0x0000007c       0x7d Core\Src\syscalls.o
 .comment       0x0000007c       0x7d Core\Src\system_stm32l4xx.o
 .comment       0x0000007c       0x7d Drivers\STM32L4xx_HAL_Driver\Src\stm32l4xx_hal.o
 .comment       0x0000007c       0x7d Drivers\STM32L4xx_HAL_Driver\Src\stm32l4xx_hal_cortex.o
 .comment       0x0000007c       0x7d Drivers\STM32L4xx_HAL_Driver\Src\stm32l4xx_hal_crc.o
 .comment       0x0000007c       0x7d Drivers\STM32L4xx_HAL_Driver\Src\stm32l4xx_hal_crc_ex.o
 .comment       0x0000007c       0x7d Drivers\STM32L4xx_HAL_Driver\Src\stm32l4xx_hal_dma.o
 .comment       0x0000007c       0x7d Drivers\STM32L4xx_HAL_Driver\Src\stm32l4xx_hal_gpio.o
 .comment       0x0000007c       0x7d Drivers\STM32L4xx_HAL_Driver\Src\stm32l4xx_hal_pwr_ex.o
 .comment       0x0000007c       0x7d Drivers\STM32L4xx_HAL_Driver\Src\stm32l4xx_hal_rcc.o
 .comment       0x0000007c       0x7d Drivers\STM32L4xx_HAL_Driver\Src\stm32l4xx_hal_rcc_ex.o
 .comment       0x0000007c       0x7d Drivers\STM32L4xx_HAL_Driver\Src\stm32l4xx_hal_uart.o
 .comment       0x0000007c       0x7d Drivers\STM32L4xx_HAL_Driver\Src\stm32l4xx_hal_uart_ex.o

.debug_frame    0x00000000     0x3094
 .debug_frame   0x00000000      0x3f4 Core\Src\main.o
 .debug_frame   0x000003f4       0xd0 Core\Src\stm32l4xx_hal_msp.o
 .debug_frame   0x000004c4      0x158 Core\Src\stm32l4xx_it.o
 .debug_frame   0x0000061c      0x2d4 Core\Src\syscalls.o
 .debug_frame   0x000008f0       0x58 Core\Src\system_stm32l4xx.o
 .debug_frame   0x00000948      0x498 Drivers\STM32L4xx_HAL_Driver\Src\stm32l4xx_hal.o
 .debug_frame   0x00000de0      0x498 Drivers\STM32L4xx_HAL_Driver\Src\stm32l4xx_hal_cortex.o
 .debug_frame   0x00001278      0x168 Drivers\STM32L4xx_HAL_Driver\Src\stm32l4xx_hal_crc.o
 .debug_frame   0x000013e0       0x88 Drivers\STM32L4xx_HAL_Driver\Src\stm32l4xx_hal_crc_ex.o
 .debug_frame   0x00001468      0x204 Drivers\STM32L4xx_HAL_Driver\Src\stm32l4xx_hal_dma.o
 .debug_frame   0x0000166c      0x14c Drivers\STM32L4xx_HAL_Driver\Src\stm32l4xx_hal_gpio.o
 .debug_frame   0x000017b8      0x544 Drivers\STM32L4xx_HAL_Driver\Src\stm32l4xx_hal_pwr_ex.o
 .debug_frame   0x00001cfc      0x1f4 Drivers\STM32L4xx_HAL_Driver\Src\stm32l4xx_hal_rcc.o
 .debug_frame   0x00001ef0      0x2fc Drivers\STM32L4xx_HAL_Driver\Src\stm32l4xx_hal_rcc_ex.o
 .debug_frame   0x000021ec      0x974 Drivers\STM32L4xx_HAL_Driver\Src\stm32l4xx_hal_uart.o
 .debug_frame   0x00002b60      0x170 Drivers\STM32L4xx_HAL_Driver\Src\stm32l4xx_hal_uart_ex.o
 .debug_frame   0x00002cd0       0x20 c:/program files (x86)/atollic/truestudio for stm32 9.3.0/armtools/bin/../lib/gcc/arm-atollic-eabi/6.3.1/../../../../arm-atollic-eabi/lib/armv7e-m/fpu\libc_nano.a(lib_a-errno.o)
 .debug_frame   0x00002cf0       0x2c c:/program files (x86)/atollic/truestudio for stm32 9.3.0/armtools/bin/../lib/gcc/arm-atollic-eabi/6.3.1/../../../../arm-atollic-eabi/lib/armv7e-m/fpu\libc_nano.a(lib_a-init.o)
 .debug_frame   0x00002d1c       0x20 c:/program files (x86)/atollic/truestudio for stm32 9.3.0/armtools/bin/../lib/gcc/arm-atollic-eabi/6.3.1/../../../../arm-atollic-eabi/lib/armv7e-m/fpu\libc_nano.a(lib_a-memset.o)
 .debug_frame   0x00002d3c       0x40 c:/program files (x86)/atollic/truestudio for stm32 9.3.0/armtools/bin/../lib/gcc/arm-atollic-eabi/6.3.1/../../../../arm-atollic-eabi/lib/armv7e-m/fpu\libc_nano.a(lib_a-vsprintf.o)
 .debug_frame   0x00002d7c       0x90 c:/program files (x86)/atollic/truestudio for stm32 9.3.0/armtools/bin/../lib/gcc/arm-atollic-eabi/6.3.1/../../../../arm-atollic-eabi/lib/armv7e-m/fpu\libc_nano.a(lib_a-nano-svfprintf.o)
 .debug_frame   0x00002e0c       0x60 c:/program files (x86)/atollic/truestudio for stm32 9.3.0/armtools/bin/../lib/gcc/arm-atollic-eabi/6.3.1/../../../../arm-atollic-eabi/lib/armv7e-m/fpu\libc_nano.a(lib_a-nano-vfprintf_i.o)
 .debug_frame   0x00002e6c       0x28 c:/program files (x86)/atollic/truestudio for stm32 9.3.0/armtools/bin/../lib/gcc/arm-atollic-eabi/6.3.1/../../../../arm-atollic-eabi/lib/armv7e-m/fpu\libc_nano.a(lib_a-memcpy-stub.o)
 .debug_frame   0x00002e94       0x28 c:/program files (x86)/atollic/truestudio for stm32 9.3.0/armtools/bin/../lib/gcc/arm-atollic-eabi/6.3.1/../../../../arm-atollic-eabi/lib/armv7e-m/fpu\libc_nano.a(lib_a-memmove.o)
 .debug_frame   0x00002ebc       0x38 c:/program files (x86)/atollic/truestudio for stm32 9.3.0/armtools/bin/../lib/gcc/arm-atollic-eabi/6.3.1/../../../../arm-atollic-eabi/lib/armv7e-m/fpu\libc_nano.a(lib_a-nano-freer.o)
 .debug_frame   0x00002ef4       0x2c c:/program files (x86)/atollic/truestudio for stm32 9.3.0/armtools/bin/../lib/gcc/arm-atollic-eabi/6.3.1/../../../../arm-atollic-eabi/lib/armv7e-m/fpu\libc_nano.a(lib_a-nano-mallocr.o)
 .debug_frame   0x00002f20       0x3c c:/program files (x86)/atollic/truestudio for stm32 9.3.0/armtools/bin/../lib/gcc/arm-atollic-eabi/6.3.1/../../../../arm-atollic-eabi/lib/armv7e-m/fpu\libc_nano.a(lib_a-nano-reallocr.o)
 .debug_frame   0x00002f5c       0x2c c:/program files (x86)/atollic/truestudio for stm32 9.3.0/armtools/bin/../lib/gcc/arm-atollic-eabi/6.3.1/../../../../arm-atollic-eabi/lib/armv7e-m/fpu\libc_nano.a(lib_a-sbrkr.o)
 .debug_frame   0x00002f88       0x30 c:/program files (x86)/atollic/truestudio for stm32 9.3.0/armtools/bin/../lib/gcc/arm-atollic-eabi/6.3.1/../../../../arm-atollic-eabi/lib/armv7e-m/fpu\libc_nano.a(lib_a-mlock.o)
 .debug_frame   0x00002fb8       0x20 c:/program files (x86)/atollic/truestudio for stm32 9.3.0/armtools/bin/../lib/gcc/arm-atollic-eabi/6.3.1/../../../../arm-atollic-eabi/lib/armv7e-m/fpu\libc_nano.a(lib_a-nano-msizer.o)
 .debug_frame   0x00002fd8       0x5c c:/program files (x86)/atollic/truestudio for stm32 9.3.0/armtools/bin/../lib/gcc/arm-atollic-eabi/6.3.1/../../../../arm-atollic-eabi/lib/armv7e-m/fpu\libc_nano.a(lib_a-reent.o)
 .debug_frame   0x00003034       0x2c c:/program files (x86)/atollic/truestudio for stm32 9.3.0/armtools/bin/../lib/gcc/arm-atollic-eabi/6.3.1/armv7e-m/fpu\libgcc.a(_aeabi_uldivmod.o)
 .debug_frame   0x00003060       0x34 c:/program files (x86)/atollic/truestudio for stm32 9.3.0/armtools/bin/../lib/gcc/arm-atollic-eabi/6.3.1/armv7e-m/fpu\libgcc.a(_udivmoddi4.o)
